[33mThe plugin "vite-tsconfig-paths" is detected. Vite now supports tsconfig paths resolution natively via the [1mresolve.tsconfigPaths[22m option. You can remove the plugin and set [1mresolve.tsconfigPaths: true[22m in your Vite config instead.[39m
[36mvite v8.1.5 [32mbuilding client environment for production...[36m[39m
[2Ktransforming...✓ 1920 modules transformed.
rendering chunks...
computing gzip size...
.output/public/assets/note-BL3AYu9S.ogg      324.82 kB
.output/public/assets/styles-rEhCCHDN.css     89.91 kB │ gzip:  15.39 kB
.output/public/assets/heart-Cfv7nc3u.js        0.24 kB │ gzip:   0.20 kB
.output/public/assets/NextRoom-D2lYujIG.js     0.54 kB │ gzip:   0.35 kB
.output/public/assets/Confetti-BBA4F1so.js     0.62 kB │ gzip:   0.43 kB
.output/public/assets/my-reply-ByQevAe_.js     0.93 kB │ gzip:   0.57 kB
.output/public/assets/gallery-B4q7cWM5.js      1.81 kB │ gzip:   0.94 kB
.output/public/assets/promises-DVGwjNh-.js     2.80 kB │ gzip:   1.37 kB
.output/public/assets/PageShell-BubPwo1K.js    3.08 kB │ gzip:   1.23 kB
.output/public/assets/photos-DQvhaLgT.js       3.70 kB │ gzip:   1.45 kB
.output/public/assets/wishes-BnPjy_Xs.js       3.84 kB │ gzip:   1.76 kB
.output/public/assets/prayers-B1sAqYL0.js      4.13 kB │ gzip:   1.90 kB
.output/public/assets/hero-D6TAC58b.js         4.30 kB │ gzip:   2.03 kB
.output/public/assets/his-words-CDQBn80Y.js    4.61 kB │ gzip:   2.10 kB
.output/public/assets/letter-DAvS5c2h.js       5.20 kB │ gzip:   2.36 kB
.output/public/assets/fifty-DVC6nnu_.js        5.34 kB │ gzip:   2.25 kB
.output/public/assets/routes-D9PYq9nP.js       8.02 kB │ gzip:   2.87 kB
.output/public/assets/index-C7RKJ-e8.js      358.27 kB │ gzip: 112.44 kB

[32m✓ built in 2.04s[39m
[36mvite v8.1.5 [32mbuilding ssr environment for production...[36m[39m
[2Ktransforming...✓ 92 modules transformed.
rendering chunks...
computing gzip size...
node_modules/.nitro/vite/services/ssr/assets/note-BL3AYu9S.ogg                       324.82 kB
node_modules/.nitro/vite/services/ssr/assets/styles-rEhCCHDN.css                      89.91 kB │ gzip: 15.39 kB
node_modules/.nitro/vite/services/ssr/assets/empty-plugin-adapters-D9UWiqvJ.js         0.22 kB │ gzip:  0.16 kB
node_modules/.nitro/vite/services/ssr/assets/NextRoom-Bz5kcCaz.js                      0.73 kB │ gzip:  0.44 kB
node_modules/.nitro/vite/services/ssr/assets/Confetti-DT5ZSJej.js                      0.94 kB │ gzip:  0.58 kB
node_modules/.nitro/vite/services/ssr/assets/my-reply-DKr87Goo.js                      1.44 kB │ gzip:  0.72 kB
node_modules/.nitro/vite/services/ssr/assets/start-CzOv89yV.js                         1.58 kB │ gzip:  0.71 kB
node_modules/.nitro/vite/services/ssr/assets/gallery-CKjhqRb0.js                       2.52 kB │ gzip:  1.12 kB
node_modules/.nitro/vite/services/ssr/assets/createCsrfMiddleware-B2To0gPJ.js          3.19 kB │ gzip:  1.01 kB
node_modules/.nitro/vite/services/ssr/assets/promises-TQHywgS0.js                      3.37 kB │ gzip:  1.49 kB
node_modules/.nitro/vite/services/ssr/assets/_tanstack-start-manifest_v-BSeMfFuu.js    3.79 kB │ gzip:  0.70 kB
node_modules/.nitro/vite/services/ssr/assets/PageShell-F6uzvP2m.js                     4.01 kB │ gzip:  1.39 kB
node_modules/.nitro/vite/services/ssr/index.js                                         4.61 kB │ gzip:  1.92 kB
node_modules/.nitro/vite/services/ssr/assets/photos-CF5vt-FI.js                        5.01 kB │ gzip:  1.76 kB
node_modules/.nitro/vite/services/ssr/assets/wishes-Cr57aBT6.js                        5.03 kB │ gzip:  1.92 kB
node_modules/.nitro/vite/services/ssr/assets/prayers-DP_LLgN3.js                       5.09 kB │ gzip:  2.09 kB
node_modules/.nitro/vite/services/ssr/assets/hero-XBsZkCzY.js                          5.19 kB │ gzip:  2.23 kB
node_modules/.nitro/vite/services/ssr/assets/his-words-CNaEjtN5.js                     5.30 kB │ gzip:  2.23 kB
node_modules/.nitro/vite/services/ssr/assets/letter-mgqbAFCP.js                        6.11 kB │ gzip:  2.57 kB
node_modules/.nitro/vite/services/ssr/assets/fifty-CXSNiNQ7.js                         6.16 kB │ gzip:  2.42 kB
node_modules/.nitro/vite/services/ssr/assets/routes-DkBu314g.js                        9.79 kB │ gzip:  2.96 kB
node_modules/.nitro/vite/services/ssr/assets/router-CZKcWU9H.js                       19.35 kB │ gzip:  5.30 kB
node_modules/.nitro/vite/services/ssr/assets/server-CtDIN3JK.js                       56.40 kB │ gzip: 14.53 kB

[32m✓ built in 706ms[39m

[90m[[90mnitro[90m][39m [35m◐[39m Building [[35mNitro[39m] [2m(preset: [36mcloudflare-module[39m, compatibility: [36m2026-07-30[39m)[22m
[90m[[90mnitro[90m][39m [32m✔[39m Generated public [36m.output/public[39m
[36mvite v8.1.5 [32mbuilding nitro environment for production...[36m[39m

[43m[30m WARN [39m[49m [36minlineDynamicImports[39m option is ignored because the [36mcodeSplitting[39m option is specified.

[2Ktransforming...✓ 1946 modules transformed.
rendering chunks...
computing gzip size...
.output/server/_ssr/empty-plugin-adapters-D9UWiqvJ.mjs    0.23 kB │ gzip:   0.16 kB
.output/server/_chunks/ssr-renderer.mjs                   0.60 kB │ gzip:   0.36 kB
.output/server/_ssr/NextRoom-Bz5kcCaz.mjs                 0.97 kB │ gzip:   0.52 kB
.output/server/_ssr/Confetti-DT5ZSJej.mjs                 1.12 kB │ gzip:   0.66 kB
.output/server/_runtime.mjs                               1.14 kB │ gzip:   0.57 kB
.output/server/_libs/hookable.mjs                         1.16 kB │ gzip:   0.51 kB
.output/server/_ssr/start-CzOv89yV.mjs                    1.54 kB │ gzip:   0.71 kB
.output/server/_ssr/my-reply-DKr87Goo.mjs                 1.73 kB │ gzip:   0.78 kB
.output/server/_ssr/gallery-CKjhqRb0.mjs                  3.02 kB │ gzip:   1.19 kB
.output/server/_ssr/createCsrfMiddleware-B2To0gPJ.mjs     3.11 kB │ gzip:   1.01 kB
.output/server/_ssr/promises-TQHywgS0.mjs                 3.85 kB │ gzip:   1.57 kB
.output/server/_tanstack-start-manifest_v-BSeMfFuu.mjs    3.85 kB │ gzip:   0.74 kB
.output/server/_ssr/ssr.mjs                               4.55 kB │ gzip:   1.92 kB
.output/server/_ssr/PageShell-F6uzvP2m.mjs                4.71 kB │ gzip:   1.49 kB
.output/server/_ssr/photos-CF5vt-FI.mjs                   5.31 kB │ gzip:   1.86 kB
.output/server/_ssr/prayers-DP_LLgN3.mjs                  5.64 kB │ gzip:   2.17 kB
.output/server/_ssr/hero-XBsZkCzY.mjs                     5.76 kB │ gzip:   2.31 kB
.output/server/_ssr/wishes-Cr57aBT6.mjs                   5.89 kB │ gzip:   2.03 kB
.output/server/_ssr/his-words-CNaEjtN5.mjs                5.99 kB │ gzip:   2.31 kB
.output/server/_ssr/fifty-CXSNiNQ7.mjs                    6.66 kB │ gzip:   2.50 kB
.output/server/_ssr/letter-mgqbAFCP.mjs                   6.71 kB │ gzip:   2.65 kB
.output/server/_libs/lucide-react.mjs                     9.23 kB │ gzip:   2.26 kB
.output/server/_libs/h3-v2+rou3+srvx.mjs                  9.87 kB │ gzip:   3.06 kB
.output/server/_ssr/routes-DkBu314g.mjs                  11.30 kB │ gzip:   3.05 kB
.output/server/_libs/tanstack__history.mjs               12.09 kB │ gzip:   3.48 kB
.output/server/index.mjs                                 13.18 kB │ gzip:   4.03 kB
.output/server/_libs/h3+rou3+srvx.mjs                    16.62 kB │ gzip:   4.80 kB
.output/server/_libs/react+tanstack__react-query.mjs     17.65 kB │ gzip:   4.65 kB
.output/server/_ssr/router-CZKcWU9H.mjs                  20.20 kB │ gzip:   5.36 kB
.output/server/_libs/tanstack__query-core.mjs            48.17 kB │ gzip:  10.70 kB
.output/server/_ssr/server-CtDIN3JK.mjs                  54.77 kB │ gzip:  14.39 kB
.output/server/_libs/@tanstack/router-core+[...].mjs    121.15 kB │ gzip:  25.46 kB
.output/server/_libs/@tanstack/react-router+[...].mjs   662.77 kB │ gzip: 139.53 kB

[32m✓ built in 593ms[39m
[90m[[90mnitro[90m][39m [36mℹ[39m Using auto generated worker name: [36mtanstack-start-ts-sir-martins-50-jubilee[39m
[36mℹ[39m Generated [36m.output/server/wrangler.json[39m
[36mℹ[39m Generated [36m.wrangler/deploy/config.json[39m
[36mℹ[39m Generated [36m.output/public/_headers[39m
[36mℹ[39m Generated [36m.output/nitro.json[39m

[90m[[90mnitro[90m][39m [32m✔[39m You can preview this build using [36mnpx vite preview[39m
[90m[[90mnitro[90m][39m [32m✔[39m You can deploy this build using [36mnpx nitro deploy --prebuilt[39m
